2026-08-22 15:05:50.763: [INFO] CurrentProfilePath: C:\Users\maari\OneDrive\Belgeler\Arikan\Mustafa\_CODE\Blazor\TodoApp\TodoApp\bin\Debug\net10.0-windows10.0.19041.0\win-x64\TodoApp.exe.WebView2\EBWebView\Default
2026-08-22 15:05:50.763: [INFO] Profiles total count: 1
2026-08-22 15:05:50.763: [INFO] Profile: name=Profil 1 path=C:\Users\maari\OneDrive\Belgeler\Arikan\Mustafa\_CODE\Blazor\TodoApp\TodoApp\bin\Debug\net10.0-windows10.0.19041.0\win-x64\TodoApp.exe.WebView2\EBWebView\Default lastActive=null
2026-08-22 15:05:50.763: [INFO] LastUsedProfileDir: C:\Users\maari\OneDrive\Belgeler\Arikan\Mustafa\_CODE\Blazor\TodoApp\TodoApp\bin\Debug\net10.0-windows10.0.19041.0\win-x64\TodoApp.exe.WebView2\EBWebView\Default
2026-08-22 15:05:50.763: [INFO] OnDoneLoading sync enabled: 0
2026-08-22 15:05:50.763: [INFO] BookmarkModelLoaded, ids_reassigned: 0
2026-08-22 15:05:50.763: [INFO] BookmarksLoadDropped droppedNodes=0
2026-08-22 15:05:50.763: [INFO] BookmarksSnapshot Startup total=0 bar=0 other=0 mobile=0 showBar=0 showBarNTP=1
2026-08-22 15:06:04.797: [INFO] BookmarksSnapshot Shutdown total=0 bar=0 other=0 mobile=0 showBar=0 showBarNTP=1
2026-08-22 15:27:40.602: [INFO] CurrentProfilePath: C:\Users\maari\OneDrive\Belgeler\Arikan\Mustafa\_CODE\Blazor\TodoApp\TodoApp\bin\Debug\net10.0-windows10.0.19041.0\win-x64\TodoApp.exe.WebView2\EBWebView\Default
2026-08-22 15:27:40.602: [INFO] Profiles total count: 1
2026-08-22 15:27:40.607: [INFO] Profile: name=Profil 1 path=C:\Users\maari\OneDrive\Belgeler\Arikan\Mustafa\_CODE\Blazor\TodoApp\TodoApp\bin\Debug\net10.0-windows10.0.19041.0\win-x64\TodoApp.exe.WebView2\EBWebView\Default lastActive=2026-08-22T15:05:51.419Z
2026-08-22 15:27:40.607: [INFO] LastUsedProfileDir: C:\Users\maari\OneDrive\Belgeler\Arikan\Mustafa\_CODE\Blazor\TodoApp\TodoApp\bin\Debug\net10.0-windows10.0.19041.0\win-x64\TodoApp.exe.WebView2\EBWebView\Default
2026-08-22 15:27:40.607: [INFO] MostRecentlyActiveProfile: name=Profil 1 path=C:\Users\maari\OneDrive\Belgeler\Arikan\Mustafa\_CODE\Blazor\TodoApp\TodoApp\bin\Debug\net10.0-windows10.0.19041.0\win-x64\TodoApp.exe.WebView2\EBWebView\Default lastActive=2026-08-22T15:05:51.419Z
2026-08-22 15:27:40.607: [INFO] OnDoneLoading sync enabled: 0
2026-08-22 15:27:40.607: [INFO] BookmarkModelLoaded, ids_reassigned: 0
2026-08-22 15:27:40.607: [INFO] BookmarksLoadDropped droppedNodes=0
2026-08-22 15:27:40.607: [INFO] BookmarksSnapshot Startup total=0 bar=0 other=0 mobile=0 showBar=0 showBarNTP=1
2026-08-22 15:27:45.924: [INFO] BookmarksSnapshot Shutdown total=0 bar=0 other=0 mobile=0 showBar=0 showBarNTP=1
2026-08-22 21:01:24.367: [INFO] CurrentProfilePath: C:\Users\maari\OneDrive\Belgeler\Arikan\Mustafa\_CODE\Blazor\TodoApp\TodoApp\bin\Debug\net10.0-windows10.0.19041.0\win-x64\TodoApp.exe.WebView2\EBWebView\Default
2026-08-22 21:01:24.367: [INFO] Profiles total count: 1
2026-08-22 21:01:24.367: [INFO] Profile: name=Profil 1 path=C:\Users\maari\OneDrive\Belgeler\Arikan\Mustafa\_CODE\Blazor\TodoApp\TodoApp\bin\Debug\net10.0-windows10.0.19041.0\win-x64\TodoApp.exe.WebView2\EBWebView\Default lastActive=2026-08-22T15:27:41.283Z
2026-08-22 21:01:24.367: [INFO] LastUsedProfileDir: C:\Users\maari\OneDrive\Belgeler\Arikan\Mustafa\_CODE\Blazor\TodoApp\TodoApp\bin\Debug\net10.0-windows10.0.19041.0\win-x64\TodoApp.exe.WebView2\EBWebView\Default
2026-08-22 21:01:24.367: [INFO] MostRecentlyActiveProfile: name=Profil 1 path=C:\Users\maari\OneDrive\Belgeler\Arikan\Mustafa\_CODE\Blazor\TodoApp\TodoApp\bin\Debug\net10.0-windows10.0.19041.0\win-x64\TodoApp.exe.WebView2\EBWebView\Default lastActive=2026-08-22T15:27:41.283Z
2026-08-22 21:01:24.367: [INFO] OnDoneLoading sync enabled: 0
2026-08-22 21:01:24.367: [INFO] BookmarkModelLoaded, ids_reassigned: 0
2026-08-22 21:01:24.367: [INFO] BookmarksLoadDropped droppedNodes=0
2026-08-22 21:01:24.367: [INFO] BookmarksSnapshot Startup total=0 bar=0 other=0 mobile=0 showBar=0 showBarNTP=1
2026-08-22 21:09:55.286: [INFO] BookmarksSnapshot Shutdown total=0 bar=0 other=0 mobile=0 showBar=0 showBarNTP=1
2026-08-22 21:09:58.598: [INFO] CurrentProfilePath: C:\Users\maari\OneDrive\Belgeler\Arikan\Mustafa\_CODE\Blazor\TodoApp\TodoApp\bin\Debug\net10.0-windows10.0.19041.0\win-x64\TodoApp.exe.WebView2\EBWebView\Default
2026-08-22 21:09:58.598: [INFO] Profiles total count: 1
2026-08-22 21:09:58.599: [INFO] Profile: name=Profil 1 path=C:\Users\maari\OneDrive\Belgeler\Arikan\Mustafa\_CODE\Blazor\TodoApp\TodoApp\bin\Debug\net10.0-windows10.0.19041.0\win-x64\TodoApp.exe.WebView2\EBWebView\Default lastActive=2026-08-22T21:09:55.164Z
2026-08-22 21:09:58.599: [INFO] LastUsedProfileDir: C:\Users\maari\OneDrive\Belgeler\Arikan\Mustafa\_CODE\Blazor\TodoApp\TodoApp\bin\Debug\net10.0-windows10.0.19041.0\win-x64\TodoApp.exe.WebView2\EBWebView\Default
2026-08-22 21:09:58.599: [INFO] MostRecentlyActiveProfile: name=Profil 1 path=C:\Users\maari\OneDrive\Belgeler\Arikan\Mustafa\_CODE\Blazor\TodoApp\TodoApp\bin\Debug\net10.0-windows10.0.19041.0\win-x64\TodoApp.exe.WebView2\EBWebView\Default lastActive=2026-08-22T21:09:55.164Z
2026-08-22 21:09:58.599: [INFO] OnDoneLoading sync enabled: 0
2026-08-22 21:09:58.599: [INFO] BookmarkModelLoaded, ids_reassigned: 0
2026-08-22 21:09:58.599: [INFO] BookmarksLoadDropped droppedNodes=0
2026-08-22 21:09:58.599: [INFO] BookmarksSnapshot Startup total=0 bar=0 other=0 mobile=0 showBar=0 showBarNTP=1
2026-08-22 21:10:24.148: [INFO] BookmarksSnapshot Shutdown total=0 bar=0 other=0 mobile=0 showBar=0 showBarNTP=1
2026-08-23 16:23:09.700: [INFO] CurrentProfilePath: C:\Users\maari\OneDrive\Belgeler\Arikan\Mustafa\_CODE\Blazor\TodoApp\TodoApp\bin\Debug\net10.0-windows10.0.19041.0\win-x64\TodoApp.exe.WebView2\EBWebView\Default
2026-08-23 16:23:09.700: [INFO] Profiles total count: 1
2026-08-23 16:23:09.701: [INFO] Profile: name=Profil 1 path=C:\Users\maari\OneDrive\Belgeler\Arikan\Mustafa\_CODE\Blazor\TodoApp\TodoApp\bin\Debug\net10.0-windows10.0.19041.0\win-x64\TodoApp.exe.WebView2\EBWebView\Default lastActive=2026-08-22T21:09:59.034Z
2026-08-23 16:23:09.701: [INFO] LastUsedProfileDir: C:\Users\maari\OneDrive\Belgeler\Arikan\Mustafa\_CODE\Blazor\TodoApp\TodoApp\bin\Debug\net10.0-windows10.0.19041.0\win-x64\TodoApp.exe.WebView2\EBWebView\Default
2026-08-23 16:23:09.701: [INFO] MostRecentlyActiveProfile: name=Profil 1 path=C:\Users\maari\OneDrive\Belgeler\Arikan\Mustafa\_CODE\Blazor\TodoApp\TodoApp\bin\Debug\net10.0-windows10.0.19041.0\win-x64\TodoApp.exe.WebView2\EBWebView\Default lastActive=2026-08-22T21:09:59.034Z
2026-08-23 16:23:09.701: [INFO] OnDoneLoading sync enabled: 0
2026-08-23 16:23:09.701: [INFO] BookmarkModelLoaded, ids_reassigned: 0
2026-08-23 16:23:09.701: [INFO] BookmarksLoadDropped droppedNodes=0
2026-08-23 16:23:09.701: [INFO] BookmarksSnapshot Startup total=0 bar=0 other=0 mobile=0 showBar=0 showBarNTP=1
2026-08-23 16:27:43.121: [INFO] BookmarksSnapshot Shutdown total=0 bar=0 other=0 mobile=0 showBar=0 showBarNTP=1
2026-08-23 16:27:48.358: [INFO] CurrentProfilePath: C:\Users\maari\OneDrive\Belgeler\Arikan\Mustafa\_CODE\Blazor\TodoApp\TodoApp\bin\Debug\net10.0-windows10.0.19041.0\win-x64\TodoApp.exe.WebView2\EBWebView\Default
2026-08-23 16:27:48.358: [INFO] Profiles total count: 1
2026-08-23 16:27:48.358: [INFO] Profile: name=Profil 1 path=C:\Users\maari\OneDrive\Belgeler\Arikan\Mustafa\_CODE\Blazor\TodoApp\TodoApp\bin\Debug\net10.0-windows10.0.19041.0\win-x64\TodoApp.exe.WebView2\EBWebView\Default lastActive=2026-08-23T16:27:42.997Z
2026-08-23 16:27:48.358: [INFO] LastUsedProfileDir: C:\Users\maari\OneDrive\Belgeler\Arikan\Mustafa\_CODE\Blazor\TodoApp\TodoApp\bin\Debug\net10.0-windows10.0.19041.0\win-x64\TodoApp.exe.WebView2\EBWebView\Default
2026-08-23 16:27:48.358: [INFO] MostRecentlyActiveProfile: name=Profil 1 path=C:\Users\maari\OneDrive\Belgeler\Arikan\Mustafa\_CODE\Blazor\TodoApp\TodoApp\bin\Debug\net10.0-windows10.0.19041.0\win-x64\TodoApp.exe.WebView2\EBWebView\Default lastActive=2026-08-23T16:27:42.997Z
2026-08-23 16:27:48.358: [INFO] OnDoneLoading sync enabled: 0
2026-08-23 16:27:48.358: [INFO] BookmarkModelLoaded, ids_reassigned: 0
2026-08-23 16:27:48.358: [INFO] BookmarksLoadDropped droppedNodes=0
2026-08-23 16:27:48.358: [INFO] BookmarksSnapshot Startup total=0 bar=0 other=0 mobile=0 showBar=0 showBarNTP=1
2026-08-23 16:29:12.908: [INFO] BookmarksSnapshot Shutdown total=0 bar=0 other=0 mobile=0 showBar=0 showBarNTP=1
2026-08-23 16:29:22.704: [INFO] CurrentProfilePath: C:\Users\maari\OneDrive\Belgeler\Arikan\Mustafa\_CODE\Blazor\TodoApp\TodoApp\bin\Debug\net10.0-windows10.0.19041.0\win-x64\TodoApp.exe.WebView2\EBWebView\Default
2026-08-23 16:29:22.704: [INFO] Profiles total count: 1
2026-08-23 16:29:22.704: [INFO] Profile: name=Profil 1 path=C:\Users\maari\OneDrive\Belgeler\Arikan\Mustafa\_CODE\Blazor\TodoApp\TodoApp\bin\Debug\net10.0-windows10.0.19041.0\win-x64\TodoApp.exe.WebView2\EBWebView\Default lastActive=2026-08-23T16:29:11.807Z
2026-08-23 16:29:22.704: [INFO] LastUsedProfileDir: C:\Users\maari\OneDrive\Belgeler\Arikan\Mustafa\_CODE\Blazor\TodoApp\TodoApp\bin\Debug\net10.0-windows10.0.19041.0\win-x64\TodoApp.exe.WebView2\EBWebView\Default
2026-08-23 16:29:22.704: [INFO] MostRecentlyActiveProfile: name=Profil 1 path=C:\Users\maari\OneDrive\Belgeler\Arikan\Mustafa\_CODE\Blazor\TodoApp\TodoApp\bin\Debug\net10.0-windows10.0.19041.0\win-x64\TodoApp.exe.WebView2\EBWebView\Default lastActive=2026-08-23T16:29:11.807Z
2026-08-23 16:29:22.704: [INFO] OnDoneLoading sync enabled: 0
2026-08-23 16:29:22.704: [INFO] BookmarkModelLoaded, ids_reassigned: 0
2026-08-23 16:29:22.704: [INFO] BookmarksLoadDropped droppedNodes=0
2026-08-23 16:29:22.704: [INFO] BookmarksSnapshot Startup total=0 bar=0 other=0 mobile=0 showBar=0 showBarNTP=1
2026-08-23 16:30:14.685: [INFO] BookmarksSnapshot Shutdown total=0 bar=0 other=0 mobile=0 showBar=0 showBarNTP=1
2026-08-23 16:30:18.352: [INFO] CurrentProfilePath: C:\Users\maari\OneDrive\Belgeler\Arikan\Mustafa\_CODE\Blazor\TodoApp\TodoApp\bin\Debug\net10.0-windows10.0.19041.0\win-x64\TodoApp.exe.WebView2\EBWebView\Default
2026-08-23 16:30:18.352: [INFO] Profiles total count: 1
2026-08-23 16:30:18.352: [INFO] Profile: name=Profil 1 path=C:\Users\maari\OneDrive\Belgeler\Arikan\Mustafa\_CODE\Blazor\TodoApp\TodoApp\bin\Debug\net10.0-windows10.0.19041.0\win-x64\TodoApp.exe.WebView2\EBWebView\Default lastActive=2026-08-23T16:30:14.566Z
2026-08-23 16:30:18.352: [INFO] LastUsedProfileDir: C:\Users\maari\OneDrive\Belgeler\Arikan\Mustafa\_CODE\Blazor\TodoApp\TodoApp\bin\Debug\net10.0-windows10.0.19041.0\win-x64\TodoApp.exe.WebView2\EBWebView\Default
2026-08-23 16:30:18.352: [INFO] MostRecentlyActiveProfile: name=Profil 1 path=C:\Users\maari\OneDrive\Belgeler\Arikan\Mustafa\_CODE\Blazor\TodoApp\TodoApp\bin\Debug\net10.0-windows10.0.19041.0\win-x64\TodoApp.exe.WebView2\EBWebView\Default lastActive=2026-08-23T16:30:14.566Z
2026-08-23 16:30:18.352: [INFO] OnDoneLoading sync enabled: 0
2026-08-23 16:30:18.352: [INFO] BookmarkModelLoaded, ids_reassigned: 0
2026-08-23 16:30:18.352: [INFO] BookmarksLoadDropped droppedNodes=0
2026-08-23 16:30:18.352: [INFO] BookmarksSnapshot Startup total=0 bar=0 other=0 mobile=0 showBar=0 showBarNTP=1
2026-08-23 16:33:17.810: [INFO] BookmarksSnapshot Shutdown total=0 bar=0 other=0 mobile=0 showBar=0 showBarNTP=1
2026-08-23 16:33:25.992: [INFO] CurrentProfilePath: C:\Users\maari\OneDrive\Belgeler\Arikan\Mustafa\_CODE\Blazor\TodoApp\TodoApp\bin\Debug\net10.0-windows10.0.19041.0\win-x64\TodoApp.exe.WebView2\EBWebView\Default
2026-08-23 16:33:25.992: [INFO] Profiles total count: 1
2026-08-23 16:33:25.993: [INFO] Profile: name=Profil 1 path=C:\Users\maari\OneDrive\Belgeler\Arikan\Mustafa\_CODE\Blazor\TodoApp\TodoApp\bin\Debug\net10.0-windows10.0.19041.0\win-x64\TodoApp.exe.WebView2\EBWebView\Default lastActive=2026-08-23T16:30:18.501Z
2026-08-23 16:33:25.993: [INFO] LastUsedProfileDir: C:\Users\maari\OneDrive\Belgeler\Arikan\Mustafa\_CODE\Blazor\TodoApp\TodoApp\bin\Debug\net10.0-windows10.0.19041.0\win-x64\TodoApp.exe.WebView2\EBWebView\Default
2026-08-23 16:33:25.993: [INFO] MostRecentlyActiveProfile: name=Profil 1 path=C:\Users\maari\OneDrive\Belgeler\Arikan\Mustafa\_CODE\Blazor\TodoApp\TodoApp\bin\Debug\net10.0-windows10.0.19041.0\win-x64\TodoApp.exe.WebView2\EBWebView\Default lastActive=2026-08-23T16:30:18.501Z
2026-08-23 16:33:25.993: [INFO] OnDoneLoading sync enabled: 0
2026-08-23 16:33:25.993: [INFO] BookmarkModelLoaded, ids_reassigned: 0
2026-08-23 16:33:25.993: [INFO] BookmarksLoadDropped droppedNodes=0
2026-08-23 16:33:25.993: [INFO] BookmarksSnapshot Startup total=0 bar=0 other=0 mobile=0 showBar=0 showBarNTP=1
2026-08-23 16:35:28.661: [INFO] BookmarksSnapshot Shutdown total=0 bar=0 other=0 mobile=0 showBar=0 showBarNTP=1
2026-08-23 16:35:31.290: [INFO] CurrentProfilePath: C:\Users\maari\OneDrive\Belgeler\Arikan\Mustafa\_CODE\Blazor\TodoApp\TodoApp\bin\Debug\net10.0-windows10.0.19041.0\win-x64\TodoApp.exe.WebView2\EBWebView\Default
2026-08-23 16:35:31.290: [INFO] Profiles total count: 1
2026-08-23 16:35:31.291: [INFO] Profile: name=Profil 1 path=C:\Users\maari\OneDrive\Belgeler\Arikan\Mustafa\_CODE\Blazor\TodoApp\TodoApp\bin\Debug\net10.0-windows10.0.19041.0\win-x64\TodoApp.exe.WebView2\EBWebView\Default lastActive=2026-08-23T16:35:12.080Z
2026-08-23 16:35:31.291: [INFO] LastUsedProfileDir: C:\Users\maari\OneDrive\Belgeler\Arikan\Mustafa\_CODE\Blazor\TodoApp\TodoApp\bin\Debug\net10.0-windows10.0.19041.0\win-x64\TodoApp.exe.WebView2\EBWebView\Default
2026-08-23 16:35:31.291: [INFO] MostRecentlyActiveProfile: name=Profil 1 path=C:\Users\maari\OneDrive\Belgeler\Arikan\Mustafa\_CODE\Blazor\TodoApp\TodoApp\bin\Debug\net10.0-windows10.0.19041.0\win-x64\TodoApp.exe.WebView2\EBWebView\Default lastActive=2026-08-23T16:35:12.080Z
2026-08-23 16:35:31.291: [INFO] OnDoneLoading sync enabled: 0
2026-08-23 16:35:31.291: [INFO] BookmarkModelLoaded, ids_reassigned: 0
2026-08-23 16:35:31.291: [INFO] BookmarksLoadDropped droppedNodes=0
2026-08-23 16:35:31.291: [INFO] BookmarksSnapshot Startup total=0 bar=0 other=0 mobile=0 showBar=0 showBarNTP=1
2026-08-23 16:35:45.437: [INFO] BookmarksSnapshot Shutdown total=0 bar=0 other=0 mobile=0 showBar=0 showBarNTP=1
2026-08-23 16:35:48.134: [INFO] CurrentProfilePath: C:\Users\maari\OneDrive\Belgeler\Arikan\Mustafa\_CODE\Blazor\TodoApp\TodoApp\bin\Debug\net10.0-windows10.0.19041.0\win-x64\TodoApp.exe.WebView2\EBWebView\Default
2026-08-23 16:35:48.134: [INFO] Profiles total count: 1
2026-08-23 16:35:48.134: [INFO] Profile: name=Profil 1 path=C:\Users\maari\OneDrive\Belgeler\Arikan\Mustafa\_CODE\Blazor\TodoApp\TodoApp\bin\Debug\net10.0-windows10.0.19041.0\win-x64\TodoApp.exe.WebView2\EBWebView\Default lastActive=2026-08-23T16:35:31.414Z
2026-08-23 16:35:48.134: [INFO] LastUsedProfileDir: C:\Users\maari\OneDrive\Belgeler\Arikan\Mustafa\_CODE\Blazor\TodoApp\TodoApp\bin\Debug\net10.0-windows10.0.19041.0\win-x64\TodoApp.exe.WebView2\EBWebView\Default
2026-08-23 16:35:48.135: [INFO] MostRecentlyActiveProfile: name=Profil 1 path=C:\Users\maari\OneDrive\Belgeler\Arikan\Mustafa\_CODE\Blazor\TodoApp\TodoApp\bin\Debug\net10.0-windows10.0.19041.0\win-x64\TodoApp.exe.WebView2\EBWebView\Default lastActive=2026-08-23T16:35:31.414Z
2026-08-23 16:35:48.135: [INFO] OnDoneLoading sync enabled: 0
2026-08-23 16:35:48.135: [INFO] BookmarkModelLoaded, ids_reassigned: 0
2026-08-23 16:35:48.135: [INFO] BookmarksLoadDropped droppedNodes=0
2026-08-23 16:35:48.135: [INFO] BookmarksSnapshot Startup total=0 bar=0 other=0 mobile=0 showBar=0 showBarNTP=1
2026-08-23 17:17:24.348: [INFO] BookmarksSnapshot Shutdown total=0 bar=0 other=0 mobile=0 showBar=0 showBarNTP=1
2026-08-23 17:19:58.856: [INFO] CurrentProfilePath: C:\Users\maari\OneDrive\Belgeler\Arikan\Mustafa\_CODE\Blazor\TodoApp\TodoApp\bin\Debug\net10.0-windows10.0.19041.0\win-x64\TodoApp.exe.WebView2\EBWebView\Default
2026-08-23 17:19:58.856: [INFO] Profiles total count: 1
2026-08-23 17:19:58.857: [INFO] Profile: name=Profil 1 path=C:\Users\maari\OneDrive\Belgeler\Arikan\Mustafa\_CODE\Blazor\TodoApp\TodoApp\bin\Debug\net10.0-windows10.0.19041.0\win-x64\TodoApp.exe.WebView2\EBWebView\Default lastActive=2026-08-23T17:17:24.229Z
2026-08-23 17:19:58.857: [INFO] LastUsedProfileDir: C:\Users\maari\OneDrive\Belgeler\Arikan\Mustafa\_CODE\Blazor\TodoApp\TodoApp\bin\Debug\net10.0-windows10.0.19041.0\win-x64\TodoApp.exe.WebView2\EBWebView\Default
2026-08-23 17:19:58.857: [INFO] MostRecentlyActiveProfile: name=Profil 1 path=C:\Users\maari\OneDrive\Belgeler\Arikan\Mustafa\_CODE\Blazor\TodoApp\TodoApp\bin\Debug\net10.0-windows10.0.19041.0\win-x64\TodoApp.exe.WebView2\EBWebView\Default lastActive=2026-08-23T17:17:24.229Z
2026-08-23 17:19:58.857: [INFO] OnDoneLoading sync enabled: 0
2026-08-23 17:19:58.857: [INFO] BookmarkModelLoaded, ids_reassigned: 0
2026-08-23 17:19:58.857: [INFO] BookmarksLoadDropped droppedNodes=0
2026-08-23 17:19:58.857: [INFO] BookmarksSnapshot Startup total=0 bar=0 other=0 mobile=0 showBar=0 showBarNTP=1
2026-08-23 17:25:36.921: [INFO] BookmarksSnapshot Shutdown total=0 bar=0 other=0 mobile=0 showBar=0 showBarNTP=1
2026-08-23 17:32:16.395: [INFO] CurrentProfilePath: C:\Users\maari\OneDrive\Belgeler\Arikan\Mustafa\_CODE\Blazor\TodoApp\TodoApp\bin\Debug\net10.0-windows10.0.19041.0\win-x64\TodoApp.exe.WebView2\EBWebView\Default
2026-08-23 17:32:16.395: [INFO] Profiles total count: 1
2026-08-23 17:32:16.395: [INFO] Profile: name=Profil 1 path=C:\Users\maari\OneDrive\Belgeler\Arikan\Mustafa\_CODE\Blazor\TodoApp\TodoApp\bin\Debug\net10.0-windows10.0.19041.0\win-x64\TodoApp.exe.WebView2\EBWebView\Default lastActive=2026-08-23T17:19:58.952Z
2026-08-23 17:32:16.395: [INFO] LastUsedProfileDir: C:\Users\maari\OneDrive\Belgeler\Arikan\Mustafa\_CODE\Blazor\TodoApp\TodoApp\bin\Debug\net10.0-windows10.0.19041.0\win-x64\TodoApp.exe.WebView2\EBWebView\Default
2026-08-23 17:32:16.395: [INFO] MostRecentlyActiveProfile: name=Profil 1 path=C:\Users\maari\OneDrive\Belgeler\Arikan\Mustafa\_CODE\Blazor\TodoApp\TodoApp\bin\Debug\net10.0-windows10.0.19041.0\win-x64\TodoApp.exe.WebView2\EBWebView\Default lastActive=2026-08-23T17:19:58.952Z
2026-08-23 17:32:16.395: [INFO] OnDoneLoading sync enabled: 0
2026-08-23 17:32:16.395: [INFO] BookmarkModelLoaded, ids_reassigned: 0
2026-08-23 17:32:16.395: [INFO] BookmarksLoadDropped droppedNodes=0
2026-08-23 17:32:16.395: [INFO] BookmarksSnapshot Startup total=0 bar=0 other=0 mobile=0 showBar=0 showBarNTP=1
2026-08-23 17:33:19.491: [INFO] BookmarksSnapshot Shutdown total=0 bar=0 other=0 mobile=0 showBar=0 showBarNTP=1
2026-08-23 17:33:22.244: [INFO] CurrentProfilePath: C:\Users\maari\OneDrive\Belgeler\Arikan\Mustafa\_CODE\Blazor\TodoApp\TodoApp\bin\Debug\net10.0-windows10.0.19041.0\win-x64\TodoApp.exe.WebView2\EBWebView\Default
2026-08-23 17:33:22.244: [INFO] Profiles total count: 1
2026-08-23 17:33:22.244: [INFO] Profile: name=Profil 1 path=C:\Users\maari\OneDrive\Belgeler\Arikan\Mustafa\_CODE\Blazor\TodoApp\TodoApp\bin\Debug\net10.0-windows10.0.19041.0\win-x64\TodoApp.exe.WebView2\EBWebView\Default lastActive=2026-08-23T17:32:16.487Z
2026-08-23 17:33:22.244: [INFO] LastUsedProfileDir: C:\Users\maari\OneDrive\Belgeler\Arikan\Mustafa\_CODE\Blazor\TodoApp\TodoApp\bin\Debug\net10.0-windows10.0.19041.0\win-x64\TodoApp.exe.WebView2\EBWebView\Default
2026-08-23 17:33:22.244: [INFO] MostRecentlyActiveProfile: name=Profil 1 path=C:\Users\maari\OneDrive\Belgeler\Arikan\Mustafa\_CODE\Blazor\TodoApp\TodoApp\bin\Debug\net10.0-windows10.0.19041.0\win-x64\TodoApp.exe.WebView2\EBWebView\Default lastActive=2026-08-23T17:32:16.487Z
2026-08-23 17:33:22.244: [INFO] OnDoneLoading sync enabled: 0
2026-08-23 17:33:22.244: [INFO] BookmarkModelLoaded, ids_reassigned: 0
2026-08-23 17:33:22.244: [INFO] BookmarksLoadDropped droppedNodes=0
2026-08-23 17:33:22.244: [INFO] BookmarksSnapshot Startup total=0 bar=0 other=0 mobile=0 showBar=0 showBarNTP=1
2026-08-23 17:33:49.757: [INFO] BookmarksSnapshot Shutdown total=0 bar=0 other=0 mobile=0 showBar=0 showBarNTP=1
2026-08-23 18:22:13.291: [INFO] CurrentProfilePath: C:\Users\maari\OneDrive\Belgeler\Arikan\Mustafa\_CODE\Blazor\TodoApp\TodoApp\bin\Debug\net10.0-windows10.0.19041.0\win-x64\TodoApp.exe.WebView2\EBWebView\Default
2026-08-23 18:22:13.291: [INFO] Profiles total count: 1
2026-08-23 18:22:13.293: [INFO] Profile: name=Profil 1 path=C:\Users\maari\OneDrive\Belgeler\Arikan\Mustafa\_CODE\Blazor\TodoApp\TodoApp\bin\Debug\net10.0-windows10.0.19041.0\win-x64\TodoApp.exe.WebView2\EBWebView\Default lastActive=2026-08-23T17:33:22.339Z
2026-08-23 18:22:13.293: [INFO] LastUsedProfileDir: C:\Users\maari\OneDrive\Belgeler\Arikan\Mustafa\_CODE\Blazor\TodoApp\TodoApp\bin\Debug\net10.0-windows10.0.19041.0\win-x64\TodoApp.exe.WebView2\EBWebView\Default
2026-08-23 18:22:13.293: [INFO] MostRecentlyActiveProfile: name=Profil 1 path=C:\Users\maari\OneDrive\Belgeler\Arikan\Mustafa\_CODE\Blazor\TodoApp\TodoApp\bin\Debug\net10.0-windows10.0.19041.0\win-x64\TodoApp.exe.WebView2\EBWebView\Default lastActive=2026-08-23T17:33:22.339Z
2026-08-23 18:22:13.293: [INFO] OnDoneLoading sync enabled: 0
2026-08-23 18:22:13.293: [INFO] BookmarkModelLoaded, ids_reassigned: 0
2026-08-23 18:22:13.293: [INFO] BookmarksLoadDropped droppedNodes=0
2026-08-23 18:22:13.293: [INFO] BookmarksSnapshot Startup total=0 bar=0 other=0 mobile=0 showBar=0 showBarNTP=1
2026-08-23 18:29:44.314: [INFO] BookmarksSnapshot Shutdown total=0 bar=0 other=0 mobile=0 showBar=0 showBarNTP=1
2026-08-23 18:29:53.317: [INFO] CurrentProfilePath: C:\Users\maari\OneDrive\Belgeler\Arikan\Mustafa\_CODE\Blazor\TodoApp\TodoApp\bin\Debug\net10.0-windows10.0.19041.0\win-x64\TodoApp.exe.WebView2\EBWebView\Default
2026-08-23 18:29:53.317: [INFO] Profiles total count: 1
2026-08-23 18:29:53.317: [INFO] Profile: name=Profil 1 path=C:\Users\maari\OneDrive\Belgeler\Arikan\Mustafa\_CODE\Blazor\TodoApp\TodoApp\bin\Debug\net10.0-windows10.0.19041.0\win-x64\TodoApp.exe.WebView2\EBWebView\Default lastActive=2026-08-23T18:29:44.197Z
2026-08-23 18:29:53.317: [INFO] LastUsedProfileDir: C:\Users\maari\OneDrive\Belgeler\Arikan\Mustafa\_CODE\Blazor\TodoApp\TodoApp\bin\Debug\net10.0-windows10.0.19041.0\win-x64\TodoApp.exe.WebView2\EBWebView\Default
2026-08-23 18:29:53.317: [INFO] MostRecentlyActiveProfile: name=Profil 1 path=C:\Users\maari\OneDrive\Belgeler\Arikan\Mustafa\_CODE\Blazor\TodoApp\TodoApp\bin\Debug\net10.0-windows10.0.19041.0\win-x64\TodoApp.exe.WebView2\EBWebView\Default lastActive=2026-08-23T18:29:44.197Z
2026-08-23 18:29:53.317: [INFO] OnDoneLoading sync enabled: 0
2026-08-23 18:29:53.317: [INFO] BookmarkModelLoaded, ids_reassigned: 0
2026-08-23 18:29:53.317: [INFO] BookmarksLoadDropped droppedNodes=0
2026-08-23 18:29:53.317: [INFO] BookmarksSnapshot Startup total=0 bar=0 other=0 mobile=0 showBar=0 showBarNTP=1
2026-08-23 18:31:32.402: [INFO] BookmarksSnapshot Shutdown total=0 bar=0 other=0 mobile=0 showBar=0 showBarNTP=1
2026-08-23 18:31:38.003: [INFO] CurrentProfilePath: C:\Users\maari\OneDrive\Belgeler\Arikan\Mustafa\_CODE\Blazor\TodoApp\TodoApp\bin\Debug\net10.0-windows10.0.19041.0\win-x64\TodoApp.exe.WebView2\EBWebView\Default
2026-08-23 18:31:38.003: [INFO] Profiles total count: 1
2026-08-23 18:31:38.003: [INFO] Profile: name=Profil 1 path=C:\Users\maari\OneDrive\Belgeler\Arikan\Mustafa\_CODE\Blazor\TodoApp\TodoApp\bin\Debug\net10.0-windows10.0.19041.0\win-x64\TodoApp.exe.WebView2\EBWebView\Default lastActive=2026-08-23T18:29:53.412Z
2026-08-23 18:31:38.003: [INFO] LastUsedProfileDir: C:\Users\maari\OneDrive\Belgeler\Arikan\Mustafa\_CODE\Blazor\TodoApp\TodoApp\bin\Debug\net10.0-windows10.0.19041.0\win-x64\TodoApp.exe.WebView2\EBWebView\Default
2026-08-23 18:31:38.003: [INFO] MostRecentlyActiveProfile: name=Profil 1 path=C:\Users\maari\OneDrive\Belgeler\Arikan\Mustafa\_CODE\Blazor\TodoApp\TodoApp\bin\Debug\net10.0-windows10.0.19041.0\win-x64\TodoApp.exe.WebView2\EBWebView\Default lastActive=2026-08-23T18:29:53.412Z
2026-08-23 18:31:38.003: [INFO] OnDoneLoading sync enabled: 0
2026-08-23 18:31:38.003: [INFO] BookmarkModelLoaded, ids_reassigned: 0
2026-08-23 18:31:38.003: [INFO] BookmarksLoadDropped droppedNodes=0
2026-08-23 18:31:38.003: [INFO] BookmarksSnapshot Startup total=0 bar=0 other=0 mobile=0 showBar=0 showBarNTP=1
2026-08-23 18:32:18.958: [INFO] BookmarksSnapshot Shutdown total=0 bar=0 other=0 mobile=0 showBar=0 showBarNTP=1
2026-08-23 18:58:49.275: [INFO] CurrentProfilePath: C:\Users\maari\OneDrive\Belgeler\Arikan\Mustafa\_CODE\Blazor\TodoApp\TodoApp\bin\Debug\net10.0-windows10.0.19041.0\win-x64\TodoApp.exe.WebView2\EBWebView\Default
2026-08-23 18:58:49.275: [INFO] Profiles total count: 1
2026-08-23 18:58:49.275: [INFO] Profile: name=Profil 1 path=C:\Users\maari\OneDrive\Belgeler\Arikan\Mustafa\_CODE\Blazor\TodoApp\TodoApp\bin\Debug\net10.0-windows10.0.19041.0\win-x64\TodoApp.exe.WebView2\EBWebView\Default lastActive=2026-08-23T18:32:18.850Z
2026-08-23 18:58:49.275: [INFO] LastUsedProfileDir: C:\Users\maari\OneDrive\Belgeler\Arikan\Mustafa\_CODE\Blazor\TodoApp\TodoApp\bin\Debug\net10.0-windows10.0.19041.0\win-x64\TodoApp.exe.WebView2\EBWebView\Default
2026-08-23 18:58:49.275: [INFO] MostRecentlyActiveProfile: name=Profil 1 path=C:\Users\maari\OneDrive\Belgeler\Arikan\Mustafa\_CODE\Blazor\TodoApp\TodoApp\bin\Debug\net10.0-windows10.0.19041.0\win-x64\TodoApp.exe.WebView2\EBWebView\Default lastActive=2026-08-23T18:32:18.850Z
2026-08-23 18:58:49.275: [INFO] OnDoneLoading sync enabled: 0
2026-08-23 18:58:49.275: [INFO] BookmarkModelLoaded, ids_reassigned: 0
2026-08-23 18:58:49.275: [INFO] BookmarksLoadDropped droppedNodes=0
2026-08-23 18:58:49.275: [INFO] BookmarksSnapshot Startup total=0 bar=0 other=0 mobile=0 showBar=0 showBarNTP=1
2026-08-23 18:59:48.480: [INFO] BookmarksSnapshot Shutdown total=0 bar=0 other=0 mobile=0 showBar=0 showBarNTP=1
2026-08-23 18:59:52.941: [INFO] CurrentProfilePath: C:\Users\maari\OneDrive\Belgeler\Arikan\Mustafa\_CODE\Blazor\TodoApp\TodoApp\bin\Debug\net10.0-windows10.0.19041.0\win-x64\TodoApp.exe.WebView2\EBWebView\Default
2026-08-23 18:59:52.941: [INFO] Profiles total count: 1
2026-08-23 18:59:52.941: [INFO] Profile: name=Profil 1 path=C:\Users\maari\OneDrive\Belgeler\Arikan\Mustafa\_CODE\Blazor\TodoApp\TodoApp\bin\Debug\net10.0-windows10.0.19041.0\win-x64\TodoApp.exe.WebView2\EBWebView\Default lastActive=2026-08-23T18:58:49.598Z
2026-08-23 18:59:52.941: [INFO] LastUsedProfileDir: C:\Users\maari\OneDrive\Belgeler\Arikan\Mustafa\_CODE\Blazor\TodoApp\TodoApp\bin\Debug\net10.0-windows10.0.19041.0\win-x64\TodoApp.exe.WebView2\EBWebView\Default
2026-08-23 18:59:52.941: [INFO] MostRecentlyActiveProfile: name=Profil 1 path=C:\Users\maari\OneDrive\Belgeler\Arikan\Mustafa\_CODE\Blazor\TodoApp\TodoApp\bin\Debug\net10.0-windows10.0.19041.0\win-x64\TodoApp.exe.WebView2\EBWebView\Default lastActive=2026-08-23T18:58:49.598Z
2026-08-23 18:59:52.941: [INFO] OnDoneLoading sync enabled: 0
2026-08-23 18:59:52.941: [INFO] BookmarkModelLoaded, ids_reassigned: 0
2026-08-23 18:59:52.941: [INFO] BookmarksLoadDropped droppedNodes=0
2026-08-23 18:59:52.941: [INFO] BookmarksSnapshot Startup total=0 bar=0 other=0 mobile=0 showBar=0 showBarNTP=1
2026-08-23 19:01:41.717: [INFO] BookmarksSnapshot Shutdown total=0 bar=0 other=0 mobile=0 showBar=0 showBarNTP=1
2026-08-23 19:01:46.384: [INFO] CurrentProfilePath: C:\Users\maari\OneDrive\Belgeler\Arikan\Mustafa\_CODE\Blazor\TodoApp\TodoApp\bin\Debug\net10.0-windows10.0.19041.0\win-x64\TodoApp.exe.WebView2\EBWebView\Default
2026-08-23 19:01:46.384: [INFO] Profiles total count: 1
2026-08-23 19:01:46.385: [INFO] Profile: name=Profil 1 path=C:\Users\maari\OneDrive\Belgeler\Arikan\Mustafa\_CODE\Blazor\TodoApp\TodoApp\bin\Debug\net10.0-windows10.0.19041.0\win-x64\TodoApp.exe.WebView2\EBWebView\Default lastActive=2026-08-23T18:59:53.102Z
2026-08-23 19:01:46.385: [INFO] LastUsedProfileDir: C:\Users\maari\OneDrive\Belgeler\Arikan\Mustafa\_CODE\Blazor\TodoApp\TodoApp\bin\Debug\net10.0-windows10.0.19041.0\win-x64\TodoApp.exe.WebView2\EBWebView\Default
2026-08-23 19:01:46.385: [INFO] MostRecentlyActiveProfile: name=Profil 1 path=C:\Users\maari\OneDrive\Belgeler\Arikan\Mustafa\_CODE\Blazor\TodoApp\TodoApp\bin\Debug\net10.0-windows10.0.19041.0\win-x64\TodoApp.exe.WebView2\EBWebView\Default lastActive=2026-08-23T18:59:53.102Z
2026-08-23 19:01:46.385: [INFO] OnDoneLoading sync enabled: 0
2026-08-23 19:01:46.385: [INFO] BookmarkModelLoaded, ids_reassigned: 0
2026-08-23 19:01:46.385: [INFO] BookmarksLoadDropped droppedNodes=0
2026-08-23 19:01:46.385: [INFO] BookmarksSnapshot Startup total=0 bar=0 other=0 mobile=0 showBar=0 showBarNTP=1
2026-08-23 19:02:33.783: [INFO] BookmarksSnapshot Shutdown total=0 bar=0 other=0 mobile=0 showBar=0 showBarNTP=1
2026-08-23 19:02:36.610: [INFO] CurrentProfilePath: C:\Users\maari\OneDrive\Belgeler\Arikan\Mustafa\_CODE\Blazor\TodoApp\TodoApp\bin\Debug\net10.0-windows10.0.19041.0\win-x64\TodoApp.exe.WebView2\EBWebView\Default
2026-08-23 19:02:36.610: [INFO] Profiles total count: 1
2026-08-23 19:02:36.610: [INFO] Profile: name=Profil 1 path=C:\Users\maari\OneDrive\Belgeler\Arikan\Mustafa\_CODE\Blazor\TodoApp\TodoApp\bin\Debug\net10.0-windows10.0.19041.0\win-x64\TodoApp.exe.WebView2\EBWebView\Default lastActive=2026-08-23T19:01:46.542Z
2026-08-23 19:02:36.610: [INFO] LastUsedProfileDir: C:\Users\maari\OneDrive\Belgeler\Arikan\Mustafa\_CODE\Blazor\TodoApp\TodoApp\bin\Debug\net10.0-windows10.0.19041.0\win-x64\TodoApp.exe.WebView2\EBWebView\Default
2026-08-23 19:02:36.610: [INFO] MostRecentlyActiveProfile: name=Profil 1 path=C:\Users\maari\OneDrive\Belgeler\Arikan\Mustafa\_CODE\Blazor\TodoApp\TodoApp\bin\Debug\net10.0-windows10.0.19041.0\win-x64\TodoApp.exe.WebView2\EBWebView\Default lastActive=2026-08-23T19:01:46.542Z
2026-08-23 19:02:36.610: [INFO] OnDoneLoading sync enabled: 0
2026-08-23 19:02:36.610: [INFO] BookmarkModelLoaded, ids_reassigned: 0
2026-08-23 19:02:36.610: [INFO] BookmarksLoadDropped droppedNodes=0
2026-08-23 19:02:36.610: [INFO] BookmarksSnapshot Startup total=0 bar=0 other=0 mobile=0 showBar=0 showBarNTP=1
2026-08-23 19:06:23.546: [INFO] BookmarksSnapshot Shutdown total=0 bar=0 other=0 mobile=0 showBar=0 showBarNTP=1
2026-08-23 19:06:27.594: [INFO] CurrentProfilePath: C:\Users\maari\OneDrive\Belgeler\Arikan\Mustafa\_CODE\Blazor\TodoApp\TodoApp\bin\Debug\net10.0-windows10.0.19041.0\win-x64\TodoApp.exe.WebView2\EBWebView\Default
2026-08-23 19:06:27.594: [INFO] Profiles total count: 1
2026-08-23 19:06:27.595: [INFO] Profile: name=Profil 1 path=C:\Users\maari\OneDrive\Belgeler\Arikan\Mustafa\_CODE\Blazor\TodoApp\TodoApp\bin\Debug\net10.0-windows10.0.19041.0\win-x64\TodoApp.exe.WebView2\EBWebView\Default lastActive=2026-08-23T19:04:52.569Z
2026-08-23 19:06:27.595: [INFO] LastUsedProfileDir: C:\Users\maari\OneDrive\Belgeler\Arikan\Mustafa\_CODE\Blazor\TodoApp\TodoApp\bin\Debug\net10.0-windows10.0.19041.0\win-x64\TodoApp.exe.WebView2\EBWebView\Default
2026-08-23 19:06:27.595: [INFO] MostRecentlyActiveProfile: name=Profil 1 path=C:\Users\maari\OneDrive\Belgeler\Arikan\Mustafa\_CODE\Blazor\TodoApp\TodoApp\bin\Debug\net10.0-windows10.0.19041.0\win-x64\TodoApp.exe.WebView2\EBWebView\Default lastActive=2026-08-23T19:04:52.569Z
2026-08-23 19:06:27.595: [INFO] OnDoneLoading sync enabled: 0
2026-08-23 19:06:27.595: [INFO] BookmarkModelLoaded, ids_reassigned: 0
2026-08-23 19:06:27.595: [INFO] BookmarksLoadDropped droppedNodes=0
2026-08-23 19:06:27.595: [INFO] BookmarksSnapshot Startup total=0 bar=0 other=0 mobile=0 showBar=0 showBarNTP=1
2026-08-23 19:07:55.860: [INFO] BookmarksSnapshot Shutdown total=0 bar=0 other=0 mobile=0 showBar=0 showBarNTP=1
2026-08-23 19:08:00.611: [INFO] CurrentProfilePath: C:\Users\maari\OneDrive\Belgeler\Arikan\Mustafa\_CODE\Blazor\TodoApp\TodoApp\bin\Debug\net10.0-windows10.0.19041.0\win-x64\TodoApp.exe.WebView2\EBWebView\Default
2026-08-23 19:08:00.611: [INFO] Profiles total count: 1
2026-08-23 19:08:00.612: [INFO] Profile: name=Profil 1 path=C:\Users\maari\OneDrive\Belgeler\Arikan\Mustafa\_CODE\Blazor\TodoApp\TodoApp\bin\Debug\net10.0-windows10.0.19041.0\win-x64\TodoApp.exe.WebView2\EBWebView\Default lastActive=2026-08-23T19:07:51.405Z
2026-08-23 19:08:00.612: [INFO] LastUsedProfileDir: C:\Users\maari\OneDrive\Belgeler\Arikan\Mustafa\_CODE\Blazor\TodoApp\TodoApp\bin\Debug\net10.0-windows10.0.19041.0\win-x64\TodoApp.exe.WebView2\EBWebView\Default
2026-08-23 19:08:00.612: [INFO] MostRecentlyActiveProfile: name=Profil 1 path=C:\Users\maari\OneDrive\Belgeler\Arikan\Mustafa\_CODE\Blazor\TodoApp\TodoApp\bin\Debug\net10.0-windows10.0.19041.0\win-x64\TodoApp.exe.WebView2\EBWebView\Default lastActive=2026-08-23T19:07:51.405Z
2026-08-23 19:08:00.612: [INFO] OnDoneLoading sync enabled: 0
2026-08-23 19:08:00.612: [INFO] BookmarkModelLoaded, ids_reassigned: 0
2026-08-23 19:08:00.612: [INFO] BookmarksLoadDropped droppedNodes=0
2026-08-23 19:08:00.612: [INFO] BookmarksSnapshot Startup total=0 bar=0 other=0 mobile=0 showBar=0 showBarNTP=1
2026-08-23 19:08:56.895: [INFO] BookmarksSnapshot Shutdown total=0 bar=0 other=0 mobile=0 showBar=0 showBarNTP=1
